kotlin version: 2.2.10
error message: java.lang.RuntimeException: Exception while generating code for:
FUN name:getDetail visibility:public modality:FINAL returnType:kotlin.Unit
  VALUE_PARAMETER kind:DispatchReceiver name:<this> index:0 type:com.home.fixguide.presentation.category.CategoryViewModel
  VALUE_PARAMETER kind:Regular name:url index:1 type:kotlin.String
  BLOCK_BODY
    COMPOSITE type=kotlin.Unit origin=null
      CALL 'public final fun executeTask$default <T> (<this>: T of com.home.fixguide.helper.ExtKt.executeTask$default, dispatcher: kotlinx.coroutines.CoroutineDispatcher, onLoading: kotlin.Function0<kotlin.Unit>?, onError: kotlin.Function1<kotlin.String, kotlin.Unit>?, onComplete: @[ExtensionFunctionType] kotlin.coroutines.SuspendFunction1<kotlinx.coroutines.CoroutineScope, kotlin.Unit>?, execute: @[ExtensionFunctionType] kotlin.coroutines.SuspendFunction1<kotlinx.coroutines.CoroutineScope, kotlin.Unit>, $mask0: kotlin.Int, $handler: kotlin.Any?): kotlinx.coroutines.Job [inline] declared in com.home.fixguide.helper.ExtKt' type=kotlinx.coroutines.Job origin=DEFAULT_DISPATCH_CALL
        TYPE_ARG T: com.home.fixguide.presentation.category.CategoryViewModel
        ARG <this>: GET_VAR '<this>: com.home.fixguide.presentation.category.CategoryViewModel declared in com.home.fixguide.presentation.category.CategoryViewModel.getDetail' type=com.home.fixguide.presentation.category.CategoryViewModel origin=IMPLICIT_ARGUMENT
        ARG dispatcher: CALL 'public final fun <get-IO> (): kotlinx.coroutines.CoroutineDispatcher declared in kotlinx.coroutines.Dispatchers' type=kotlinx.coroutines.CoroutineDispatcher origin=GET_PROPERTY
        ARG onLoading: COMPOSITE type=kotlin.Function0<kotlin.Unit>? origin=DEFAULT_VALUE
          CONST Null type=kotlin.Function0<kotlin.Unit>? value=null
        ARG onError: COMPOSITE type=kotlin.Function1<kotlin.String, kotlin.Unit>? origin=DEFAULT_VALUE
          CONST Null type=kotlin.Function1<kotlin.String, kotlin.Unit>? value=null
        ARG onComplete: COMPOSITE type=@[ExtensionFunctionType] kotlin.coroutines.SuspendFunction1<kotlinx.coroutines.CoroutineScope, kotlin.Unit>? origin=DEFAULT_VALUE
          CONST Null type=@[ExtensionFunctionType] kotlin.coroutines.SuspendFunction1<kotlinx.coroutines.CoroutineScope, kotlin.Unit>? value=null
        ARG execute: BLOCK type=@[ExtensionFunctionType] kotlin.coroutines.SuspendFunction1<kotlinx.coroutines.CoroutineScope, kotlin.Unit> origin=LAMBDA
          COMPOSITE type=kotlin.Unit origin=null
          FUNCTION_REFERENCE 'private final fun getDetail$lambda$0 ($this$executeTask: kotlinx.coroutines.CoroutineScope, this$0: com.home.fixguide.presentation.category.CategoryViewModel, $url: kotlin.String, $completion: kotlin.coroutines.Continuation<kotlin.Unit>): kotlin.Any? [suspend] declared in com.home.fixguide.presentation.category.CategoryViewModel' type=@[ExtensionFunctionType] kotlin.coroutines.SuspendFunction1<kotlinx.coroutines.CoroutineScope, kotlin.Unit> origin=INLINE_LAMBDA reflectionTarget=null
            ARG this$0: GET_VAR '<this>: com.home.fixguide.presentation.category.CategoryViewModel declared in com.home.fixguide.presentation.category.CategoryViewModel.getDetail' type=com.home.fixguide.presentation.category.CategoryViewModel origin=null
            ARG $url: GET_VAR 'url: kotlin.String declared in com.home.fixguide.presentation.category.CategoryViewModel.getDetail' type=kotlin.String origin=null
        ARG $mask0: CONST Int type=kotlin.Int value=14
        ARG $handler: CONST Null type=kotlin.Any? value=null
      COMPOSITE type=kotlin.Unit origin=null

	at org.jetbrains.kotlin.backend.jvm.codegen.FunctionCodegen.generate(FunctionCodegen.kt:50)
	at org.jetbrains.kotlin.backend.jvm.codegen.FunctionCodegen.generate$default(FunctionCodegen.kt:43)
	at org.jetbrains.kotlin.backend.jvm.codegen.ClassCodegen.generateMethodNode(ClassCodegen.kt:422)
	at org.jetbrains.kotlin.backend.jvm.codegen.ClassCodegen.generateMethod(ClassCodegen.kt:439)
	at org.jetbrains.kotlin.backend.jvm.codegen.ClassCodegen.generate(ClassCodegen.kt:164)
	at org.jetbrains.kotlin.backend.jvm.JvmIrCodegenFactory.generateFile(JvmIrCodegenFactory.kt:419)
	at org.jetbrains.kotlin.backend.jvm.JvmIrCodegenFactory.invokeCodegen(JvmIrCodegenFactory.kt:388)
	at org.jetbrains.kotlin.cli.jvm.compiler.KotlinToJVMBytecodeCompiler.runCodegen$cli(KotlinToJVMBytecodeCompiler.kt:431)
	at org.jetbrains.kotlin.cli.pipeline.jvm.JvmBackendPipelinePhase.executePhase(JvmBackendPipelinePhase.kt:95)
	at org.jetbrains.kotlin.cli.pipeline.jvm.JvmBackendPipelinePhase.executePhase(JvmBackendPipelinePhase.kt:36)
	at org.jetbrains.kotlin.cli.pipeline.jvm.JvmBackendPipelinePhase.executePhase(JvmBackendPipelinePhase.kt:29)
	at org.jetbrains.kotlin.cli.pipeline.PipelinePhase.phaseBody(PipelinePhase.kt:68)
	at org.jetbrains.kotlin.cli.pipeline.PipelinePhase.phaseBody(PipelinePhase.kt:58)
	at org.jetbrains.kotlin.config.phaser.NamedCompilerPhase.invoke(CompilerPhase.kt:102)
	at org.jetbrains.kotlin.backend.common.phaser.CompositePhase.invoke(PhaseBuilders.kt:22)
	at org.jetbrains.kotlin.config.phaser.CompilerPhaseKt.invokeToplevel(CompilerPhase.kt:53)
	at org.jetbrains.kotlin.cli.pipeline.AbstractCliPipeline.runPhasedPipeline(AbstractCliPipeline.kt:109)
	at org.jetbrains.kotlin.cli.pipeline.AbstractCliPipeline.execute(AbstractCliPipeline.kt:68)
	at org.jetbrains.kotlin.cli.jvm.K2JVMCompiler.doExecutePhased(K2JVMCompiler.kt:78)
	at org.jetbrains.kotlin.cli.jvm.K2JVMCompiler.doExecutePhased(K2JVMCompiler.kt:44)
	at org.jetbrains.kotlin.cli.common.CLICompiler.execImpl(CLICompiler.kt:90)
	at org.jetbrains.kotlin.cli.common.CLICompiler.exec(CLICompiler.kt:352)
	at org.jetbrains.kotlin.incremental.IncrementalJvmCompilerRunnerBase.runCompiler(IncrementalJvmCompilerRunnerBase.kt:175)
	at org.jetbrains.kotlin.incremental.IncrementalJvmCompilerRunnerBase.runCompiler(IncrementalJvmCompilerRunnerBase.kt:38)
	at org.jetbrains.kotlin.incremental.IncrementalCompilerRunner.doCompile(IncrementalCompilerRunner.kt:504)
	at org.jetbrains.kotlin.incremental.IncrementalCompilerRunner.compileImpl(IncrementalCompilerRunner.kt:421)
	at org.jetbrains.kotlin.incremental.IncrementalCompilerRunner.tryCompileIncrementally$lambda$10$compile(IncrementalCompilerRunner.kt:254)
	at org.jetbrains.kotlin.incremental.IncrementalCompilerRunner.tryCompileIncrementally(IncrementalCompilerRunner.kt:272)
	at org.jetbrains.kotlin.incremental.IncrementalCompilerRunner.compile(IncrementalCompilerRunner.kt:124)
	at org.jetbrains.kotlin.daemon.CompileServiceImplBase.execIncrementalCompiler(CompileServiceImpl.kt:679)
	at org.jetbrains.kotlin.daemon.CompileServiceImplBase.access$execIncrementalCompiler(CompileServiceImpl.kt:93)
	at org.jetbrains.kotlin.daemon.CompileServiceImpl.compile(CompileServiceImpl.kt:1806)
	at java.base/jdk.internal.reflect.DirectMethodHandleAccessor.invoke(Unknown Source)
	at java.base/java.lang.reflect.Method.invoke(Unknown Source)
	at java.rmi/sun.rmi.server.UnicastServerRef.dispatch(Unknown Source)
	at java.rmi/sun.rmi.transport.Transport$1.run(Unknown Source)
	at java.rmi/sun.rmi.transport.Transport$1.run(Unknown Source)
	at java.base/java.security.AccessController.doPrivileged(Unknown Source)
	at java.rmi/sun.rmi.transport.Transport.serviceCall(Unknown Source)
	at java.rmi/sun.rmi.transport.tcp.TCPTransport.handleMessages(Unknown Source)
	at java.rmi/sun.rmi.transport.tcp.TCPTransport$ConnectionHandler.run0(Unknown Source)
	at java.rmi/sun.rmi.transport.tcp.TCPTransport$ConnectionHandler.lambda$run$0(Unknown Source)
	at java.base/java.security.AccessController.doPrivileged(Unknown Source)
	at java.rmi/sun.rmi.transport.tcp.TCPTransport$ConnectionHandler.run(Unknown Source)
	at java.base/java.util.concurrent.ThreadPoolExecutor.runWorker(Unknown Source)
	at java.base/java.util.concurrent.ThreadPoolExecutor$Worker.run(Unknown Source)
	at java.base/java.lang.Thread.run(Unknown Source)
Caused by: org.jetbrains.kotlin.codegen.CompilationException: Back-end (JVM) Internal error: Couldn't inline method call: CALL 'public final fun executeTask$default <T> (<this>: T of com.home.fixguide.helper.ExtKt.executeTask$default, dispatcher: kotlinx.coroutines.CoroutineDispatcher, onLoading: kotlin.Function0<kotlin.Unit>?, onError: kotlin.Function1<kotlin.String, kotlin.Unit>?, onComplete: @[ExtensionFunctionType] kotlin.coroutines.SuspendFunction1<kotlinx.coroutines.CoroutineScope, kotlin.Unit>?, execute: @[ExtensionFunctionType] kotlin.coroutines.SuspendFunction1<kotlinx.coroutines.CoroutineScope, kotlin.Unit>, $mask0: kotlin.Int, $handler: kotlin.Any?): kotlinx.coroutines.Job [inline] declared in com.home.fixguide.helper.ExtKt' type=kotlinx.coroutines.Job origin=DEFAULT_DISPATCH_CALL
Method: executeTask$default (Landroidx/lifecycle/ViewModel;Lkotlinx/coroutines/CoroutineDispatcher;Lkotlin/jvm/functions/Function0;Lkotlin/jvm/functions/Function1;Lkotlin/jvm/functions/Function2;Lkotlin/jvm/functions/Function2;ILjava/lang/Object;)Lkotlinx/coroutines/Job;:
   L0
   L1
    LINENUMBER 86 L1
   L2
    LINENUMBER 88 L2
    INVOKESTATIC $$$DEFAULT_LAMBDA_FAKE_CALL$$$.$$$DEFAULT_LAMBDA_FAKE_CALL$$$2 ()V
   L3
   L4
   L5
    LINENUMBER 86 L5
   L6
    LINENUMBER 89 L6
    GETSTATIC com/home/fixguide/helper/ExtKt$executeTask$2.INSTANCE : Lcom/home/fixguide/helper/ExtKt$executeTask$2;
    CHECKCAST kotlin/jvm/functions/Function1
    ASTORE 3
   L7
   L8
   L9
    LINENUMBER 86 L9
   L10
    LINENUMBER 90 L10
    ACONST_NULL
    INVOKESTATIC $$$DEFAULT_LAMBDA_FAKE_CALL$$$.$$$DEFAULT_LAMBDA_FAKE_CALL$$$4 (Lkotlin/coroutines/Continuation;)V
   L11
   L12
   L13
    LINENUMBER 86 L13
   L14
    ALOAD 0
    LDC "<this>"
    INVOKESTATIC kotlin/jvm/internal/Intrinsics.checkNotNullParameter (Ljava/lang/Object;Ljava/lang/String;)V
    ALOAD 1
    LDC "dispatcher"
    INVOKESTATIC kotlin/jvm/internal/Intrinsics.checkNotNullParameter (Ljava/lang/Object;Ljava/lang/String;)V
    ALOAD 2
    LDC "onLoading"
    INVOKESTATIC kotlin/jvm/internal/Intrinsics.checkNotNullParameter (Ljava/lang/Object;Ljava/lang/String;)V
    ALOAD 3
    LDC "onError"
    INVOKESTATIC kotlin/jvm/internal/Intrinsics.checkNotNullParameter (Ljava/lang/Object;Ljava/lang/String;)V
    ALOAD 4
    LDC "onComplete"
    INVOKESTATIC kotlin/jvm/internal/Intrinsics.checkNotNullParameter (Ljava/lang/Object;Ljava/lang/String;)V
    ALOAD 5
    LDC "execute"
    INVOKESTATIC kotlin/jvm/internal/Intrinsics.checkNotNullParameter (Ljava/lang/Object;Ljava/lang/String;)V
    ICONST_0
    ISTORE 6
   L15
   L16
    LINENUMBER 94 L16
    ALOAD 2
    INVOKEINTERFACE kotlin/jvm/functions/Function0.invoke ()Ljava/lang/Object; (itf)
    POP
   L17
    LINENUMBER 96 L17
    ALOAD 0
    INVOKESTATIC androidx/lifecycle/ViewModelKt.getViewModelScope (Landroidx/lifecycle/ViewModel;)Lkotlinx/coroutines/CoroutineScope;
    ALOAD 1
    CHECKCAST kotlin/coroutines/CoroutineContext
    ACONST_NULL
    NEW com/home/fixguide/helper/ExtKt$executeTask$4
    DUP
    ALOAD 5
    ALOAD 0
    ALOAD 3
    ALOAD 4
    ACONST_NULL
    INVOKESPECIAL com/home/fixguide/helper/ExtKt$executeTask$4.<init> (Lkotlin/jvm/functions/Function2;Landroidx/lifecycle/ViewModel;Lkotlin/jvm/functions/Function1;Lkotlin/jvm/functions/Function2;Lkotlin/coroutines/Continuation;)V
    CHECKCAST kotlin/jvm/functions/Function2
    ICONST_2
    ACONST_NULL
    INVOKESTATIC kotlinx/coroutines/BuildersKt.launch$default (Lkotlinx/coroutines/CoroutineScope;Lkotlin/coroutines/CoroutineContext;Lkotlinx/coroutines/CoroutineStart;Lkotlin/jvm/functions/Function2;ILjava/lang/Object;)Lkotlinx/coroutines/Job;
    ARETURN
   L18
    NOP
   L19
    ARETURN
   L20
    NOP
   L21
    LOCALVARIABLE $i$f$executeTask I L15 L19 6
    LOCALVARIABLE $this$executeTask_u24default Landroidx/lifecycle/ViewModel; L0 L21 0
    LOCALVARIABLE dispatcher Lkotlinx/coroutines/CoroutineDispatcher; L0 L21 1
    LOCALVARIABLE onError Lkotlin/jvm/functions/Function1; L7 L21 3
    LOCALVARIABLE execute Lkotlin/jvm/functions/Function2; L0 L21 5
    MAXSTACK = 10
    MAXLOCALS = 8

File is unknown
The root cause java.lang.IllegalArgumentException was thrown at: org.jetbrains.kotlin.codegen.inline.DefaultLambda.<init>(LambdaInfo.kt:106)
	at org.jetbrains.kotlin.backend.jvm.codegen.IrInlineCodegen.genInlineCall(IrInlineCodegen.kt:82)
	at org.jetbrains.kotlin.backend.jvm.codegen.IrInlineCallGenerator.genCall(IrInlineCallGenerator.kt:36)
	at org.jetbrains.kotlin.backend.jvm.codegen.ExpressionCodegen.visitCall(ExpressionCodegen.kt:586)
	at org.jetbrains.kotlin.backend.jvm.codegen.ExpressionCodegen.visitCall(ExpressionCodegen.kt:135)
	at org.jetbrains.kotlin.ir.expressions.IrCall.accept(IrCall.kt:24)
	at org.jetbrains.kotlin.backend.jvm.codegen.ExpressionCodegen.visitStatementContainer(ExpressionCodegen.kt:527)
	at org.jetbrains.kotlin.backend.jvm.codegen.ExpressionCodegen.visitContainerExpression(ExpressionCodegen.kt:541)
	at org.jetbrains.kotlin.backend.jvm.codegen.ExpressionCodegen.visitContainerExpression(ExpressionCodegen.kt:135)
	at org.jetbrains.kotlin.ir.visitors.IrVisitor.visitComposite(IrVisitor.kt:125)
	at org.jetbrains.kotlin.ir.expressions.IrComposite.accept(IrComposite.kt:18)
	at org.jetbrains.kotlin.backend.jvm.codegen.ExpressionCodegen.visitStatementContainer(ExpressionCodegen.kt:527)
	at org.jetbrains.kotlin.backend.jvm.codegen.ExpressionCodegen.visitBlockBody(ExpressionCodegen.kt:532)
	at org.jetbrains.kotlin.backend.jvm.codegen.ExpressionCodegen.visitBlockBody(ExpressionCodegen.kt:135)
	at org.jetbrains.kotlin.ir.expressions.IrBlockBody.accept(IrBlockBody.kt:20)
	at org.jetbrains.kotlin.backend.jvm.codegen.ExpressionCodegen.generate(ExpressionCodegen.kt:233)
	at org.jetbrains.kotlin.backend.jvm.codegen.FunctionCodegen.doGenerate(FunctionCodegen.kt:126)
	at org.jetbrains.kotlin.backend.jvm.codegen.FunctionCodegen.generate(FunctionCodegen.kt:47)
	... 46 more
Caused by: java.lang.IllegalArgumentException: suspend default lambda com/home/fixguide/helper/ExtKt$executeTask$3 cannot be inlined; use a function reference instead
	at org.jetbrains.kotlin.codegen.inline.DefaultLambda.<init>(LambdaInfo.kt:106)
	at org.jetbrains.kotlin.backend.jvm.codegen.IrInlineCodegen.inlineCall(IrInlineCodegen.kt:269)
	at org.jetbrains.kotlin.backend.jvm.codegen.IrInlineCodegen.genInlineCall(IrInlineCodegen.kt:68)
	... 62 more


